( 72/ 13) -   69/ 23  -   65/ 28  -   71/ 20  -   71/ 19  -   73/ 16  -   69/ 21  -   64/ 25  -   71/ 23  -   71/ 17  -   72/ 18  -   64/ 25  -   65/ 21  -   67/ 22  -   68/ 25  -   66/ 19  -   65/ 27  -   70/ 21  -   72/ 17  -   67/ 21  -   72/ 13  -   71/ 22  -   72/ 18  -   69/ 20  -   71/ 22  -   64/ 23  -   72/ 21  -   67/ 26  -   66/ 28  -   67/ 22  -   67/ 22  - [ 71/ 18]
    |           |           |           |           |           |           |           |           |           |           |           |           |           |           |           |           |           |           |           |           |           |           |           |           |           |           |           |           |           |           |           |    
  73/ 16  -   67/ 25  -   67/ 19  -   65/ 28  -   68/ 23  -   70/ 15  -   68/ 20  -   69/ 22  -   72/ 19  -   70/ 21  -   70/ 20  -   72/ 14  -   73/ 20  -   68/ 19  -   68/ 17  -   72/ 15  -   65/ 23  -   69/ 21  -   70/ 20  -   70/ 20  -   70/ 17  -   65/ 20  -   68/ 20  -   71/ 16  -   64/ 24  -   64/ 27  -   68/ 22  -   69/ 20  -   71/ 16  -   65/ 20  -   71/ 23  -   72/ 20 
    |           |           |           |           |           |           |           |           |           |           |           |           |           |           |           |           |           |           |           |           |           |           |           |           |           |           |           |           |           |           |           |    
  68/ 17  -   72/ 22  -   66/ 26  -   64/ 22  -   72/ 18  -   65/ 24  -   69/ 21  -   66/ 27  -   68/ 25  -   64/ 29  -   70/ 23  -   68/ 20  -   70/ 24  -   69/ 16  -   65/ 29  -   68/ 26  -   70/ 18  -   71/ 21  -   69/ 19  -   65/ 28  -   66/ 27  -   73/ 16  -   67/ 25  -   69/ 20  -   65/ 23  -   71/ 22  -   69/ 18  -   65/ 22  -   65/ 29  -   68/ 22  -   69/ 23  -   65/ 28 
    |           |           |           |           |           |           |           |           |           |           |           |           |           |           |           |           |           |           |           |           |           |           |           |           |           |           |           |           |           |           |           |    
  66/ 24  -   72/ 17  -   72/ 17  -   71/ 23  -   71/ 16  -   66/ 19  -   67/ 24  -   65/ 24  -   70/ 18  -   66/ 23  -   66/ 21  -   70/ 16  -   70/ 19  -   66/ 22  -   66/ 22  -   71/ 23  -   73/ 19  -   68/ 17  -   68/ 26  -   67/ 23  -   66/ 20  -   69/ 17  -   65/ 20  -   70/ 23  -   72/ 15  -   70/ 23  -   66/ 25  -   65/ 24  -   67/ 19  -   69/ 19  -   67/ 19  -   72/ 15 
    |           |           |           |           |           |           |           |           |           |           |           |           |           |           |           |           |           |           |           |           |           |           |           |           |           |           |           |           |           |           |           |    
  65/ 27  -   65/ 25  -   70/ 19  -   67/ 26  -   67/ 27  -   69/ 22  -   64/ 30  -   70/ 23  -   66/ 27  -   65/ 26  -   67/ 18  -   67/ 21  -   71/ 16  -   70/ 24  -   65/ 25  -   69/ 20  -   70/ 15  -   65/ 23  -   68/ 26  -   69/ 19  -   67/ 22  -   72/ 17  -   70/ 16  -   71/ 16  -   69/ 22  -   67/ 19  -   68/ 26  -   71/ 20  -   68/ 17  -   65/ 24  -   72/ 13  -   70/ 15 
    |           |           |           |           |           |           |           |           |           |           |           |           |           |           |           |           |           |           |           |           |           |           |           |           |           |           |           |           |           |           |           |    
  68/ 17  -   67/ 27  -   73/ 12  -   72/ 16  -   71/ 22  -   70/ 20  -   67/ 25  -   71/ 16  -   68/ 24  -   64/ 27  -   66/ 21  -   67/ 26  -   65/ 22  -   68/ 21  -   65/ 24  -   66/ 22  -   72/ 15  -   69/ 24  -   73/ 21  -   64/ 29  -   70/ 22  -   71/ 14  -   73/ 12  -   70/ 21  -   67/ 25  -   64/ 28  -   64/ 23  -   69/ 22  -   70/ 24  -   65/ 20  -   68/ 24  -   73/ 21 
    |           |           |           |           |           |           |           |           |           |           |           |           |           |           |           |           |           |           |           |           |           |           |           |           |           |           |           |           |           |           |           |    
  66/ 19  -   68/ 18  -   69/ 20  -   68/ 25  -   71/ 20  -   67/ 24  -   68/ 18  -   64/ 21  -   71/ 17  -   67/ 24  -   70/ 17  -   73/ 21  -   65/ 20  -   65/ 22  -   73/ 13  -   73/ 16  -   69/ 18  -   72/ 16  -   66/ 26  -   66/ 23  -   70/ 15  -   69/ 22  -   73/ 16  -   72/ 16  -   68/ 25  -   65/ 27  -   65/ 28  -   72/ 21  -   65/ 28  -   73/ 18  -   73/ 19  -   65/ 22 
    |           |           |           |           |           |           |           |           |           |           |           |           |           |           |           |           |           |           |           |           |           |           |           |           |           |           |           |           |           |           |           |    
  73/ 16  -   70/ 23  -   72/ 14  -   64/ 21  -   66/ 20  -   67/ 22  -   73/ 19  -   68/ 25  -   67/ 24  -   69/ 25  -   65/ 28  -   65/ 26  -   73/ 13  -   66/ 21  -   66/ 28  -   67/ 21  -   69/ 17  -   64/ 27  -   71/ 16  -   66/ 19  -   68/ 21  -   67/ 19  -   71/ 23  -   65/ 26  -   67/ 20  -   68/ 17  -   64/ 27  -   70/ 20  -   66/ 19  -   68/ 22  -   67/ 18  -   64/ 22 
    |           |           |           |           |           |           |           |           |           |           |           |           |           |           |           |           |           |           |           |           |           |           |           |           |           |           |           |           |           |           |           |    
  64/ 29  -   67/ 23  -   70/ 20  -   69/ 25  -   71/ 23  -   66/ 28  -   71/ 18  -   68/ 24  -   67/ 25  -   65/ 20  -   68/ 21  -   70/ 17  -   67/ 20  -   64/ 28  -   66/ 22  -   72/ 20  -   67/ 23  -   67/ 20  -   66/ 27  -   65/ 20  -   70/ 16  -   64/ 26  -   73/ 20  -   73/ 20  -   64/ 29  -   67/ 18  -   68/ 22  -   64/ 27  -   72/ 15  -   64/ 21  -   69/ 16  -   69/ 25 
    |           |           |           |           |           |           |           |           |           |           |           |           |           |           |           |           |           |           |           |           |           |           |           |           |           |           |           |           |           |           |           |    
  72/ 18  -   64/ 29  -   72/ 16  -   65/ 29  -   70/ 23  -   64/ 27  -   67/ 27  -   71/ 22  -   73/ 13  -   70/ 24  -   69/ 19  -   73/ 15  -   66/ 23  -   70/ 21  -   72/ 14  -   72/ 17  -   66/ 24  -   66/ 21  -   67/ 21  -   65/ 21  -   71/ 19  -   64/ 30  -   72/ 20  -   65/ 28  -   67/ 25  -   67/ 18  -   69/ 23  -   68/ 17  -   68/ 19  -   73/ 15  -   64/ 29  -   69/ 17 
    |           |           |           |           |           |           |           |           |           |           |           |           |           |           |           |           |           |           |           |           |           |           |           |           |           |           |           |           |           |           |           |    
  72/ 17  -   71/ 16  -   72/ 16  -   68/ 20  -   66/ 23  -   73/ 16  -   67/ 22  -   70/ 19  -   65/ 29  -   73/ 14  -   69/ 18  -   71/ 22  -   68/ 21  -   71/ 18  -   67/ 25  -   67/ 19  -   71/ 18  -   65/ 28  -   64/ 21  -   66/ 25  -   73/ 20  -   65/ 26  -   69/ 22  -   67/ 24  -   69/ 24  -   65/ 26  -   73/ 20  -   70/ 18  -   68/ 20  -   73/ 16  -   73/ 12  -   65/ 23 
    |           |           |           |           |           |           |           |           |           |           |           |           |           |           |           |           |           |           |           |           |           |           |           |           |           |           |           |           |           |           |           |    
  73/ 21  -   70/ 15  -   70/ 18  -   72/ 16  -   68/ 19  -   64/ 27  -   68/ 22  -   69/ 20  -   69/ 21  -   64/ 25  -   67/ 25  -   65/ 27  -   69/ 19  -   67/ 22  -   66/ 22  -   66/ 20  -   71/ 23  -   73/ 21  -   66/ 24  -   64/ 27  -   73/ 18  -   69/ 24  -   73/ 19  -   69/ 20  -   69/ 23  -   68/ 19  -   68/ 20  -   66/ 24  -   70/ 22  -   65/ 24  -   66/ 21  -   71/ 17 
    |           |           |           |           |           |           |           |           |           |           |           |           |           |           |           |           |           |           |           |           |           |           |           |           |           |           |           |           |           |           |           |    
  69/ 21  -   65/ 25  -   67/ 27  -   68/ 25  -   64/ 27  -   67/ 18  -   66/ 25  -   72/ 18  -   69/ 20  -   67/ 23  -   65/ 25  -   67/ 23  -   66/ 24  -   68/ 18  -   70/ 17  -   67/ 22  -   68/ 20  -   64/ 25  -   72/ 14  -   65/ 25  -   70/ 22  -   71/ 17  -   64/ 28  -   71/ 23  -   68/ 25  -   70/ 17  -   70/ 22  -   64/ 28  -   70/ 21  -   64/ 30  -   72/ 19  -   67/ 22 
    |           |           |           |           |           |           |           |           |           |           |           |           |           |           |           |           |           |           |           |           |           |           |           |           |           |           |           |           |           |           |           |    
  66/ 25  -   65/ 26  -   64/ 30  -   68/ 25  -   67/ 24  -   73/ 20  -   72/ 20  -   65/ 23  -   73/ 16  -   72/ 15  -   64/ 30  -   68/ 24  -   65/ 29  -   71/ 14  -   68/ 23  -   66/ 22  -   70/ 23  -   67/ 22  -   68/ 21  -   65/ 24  -   73/ 18  -   69/ 25  -   67/ 23  -   68/ 18  -   67/ 20  -   73/ 16  -   67/ 19  -   64/ 23  -   65/ 27  -   73/ 17  -   71/ 14  -   66/ 21 
    |           |           |           |           |           |           |           |           |           |           |           |           |           |           |           |           |           |           |           |           |           |           |           |           |           |           |           |           |           |           |           |    
  73/ 19  -   65/ 22  -   66/ 27  -   64/ 30  -   68/ 22  -   69/ 18  -   68/ 17  -   67/ 18  -   72/ 17  -   68/ 26  -   69/ 23  -   71/ 17  -   69/ 22  -   70/ 19  -   67/ 26  -   64/ 25  -   64/ 30  -   66/ 26  -   67/ 24  -   71/ 23  -   66/ 22  -   69/ 23  -   71/ 15  -   73/ 15  -   65/ 20  -   66/ 22  -   70/ 18  -   68/ 25  -   68/ 20  -   67/ 24  -   65/ 24  -   70/ 17 
    |           |           |           |           |           |           |           |           |           |           |           |           |           |           |           |           |           |           |           |           |           |           |           |           |           |           |           |           |           |           |           |    
  65/ 27  -   64/ 24  -   71/ 19  -   65/ 22  -   65/ 20  -   71/ 20  -   64/ 26  -   67/ 25  -   73/ 19  -   65/ 20  -   73/ 16  -   69/ 16  -   71/ 18  -   70/ 23  -   68/ 23  -   70/ 20  -   66/ 23  -   66/ 19  -   71/ 19  -   72/ 13  -   69/ 24  -   71/ 14  -   65/ 24  -   64/ 28  -   70/ 20  -   68/ 17  -   68/ 20  -   69/ 19  -   64/ 28  -   73/ 13  -   71/ 22  -   65/ 28 
    |           |           |           |           |           |           |           |           |           |           |           |           |           |           |           |           |           |           |           |           |           |           |           |           |           |           |           |           |           |           |           |    
  70/ 22  -   65/ 25  -   66/ 19  -   72/ 21  -   73/ 13  -   72/ 19  -   71/ 20  -   73/ 18  -   70/ 16  -   68/ 21  -   72/ 19  -   71/ 15  -   64/ 27  -   64/ 27  -   65/ 28  -   64/ 24  -   69/ 21  -   70/ 15  -   64/ 30  -   73/ 14  -   73/ 12  -   73/ 21  -   69/ 24  -   72/ 17  -   65/ 28  -   73/ 18  -   72/ 20  -   73/ 13  -   66/ 24  -   65/ 29  -   72/ 20  -   70/ 16 
    |           |           |           |           |           |           |           |           |           |           |           |           |           |           |           |           |           |           |           |           |           |           |           |           |           |           |           |           |           |           |           |    
  73/ 13  -   73/ 15  -   73/ 21  -   64/ 28  -   69/ 16  -   72/ 17  -   71/ 18  -   69/ 22  -   67/ 25  -   70/ 19  -   71/ 19  -   67/ 25  -   73/ 13  -   73/ 17  -   65/ 20  -   70/ 20  -   68/ 18  -   72/ 15  -   66/ 20  -   73/ 21  -   64/ 30  -   68/ 24  -   72/ 19  -   68/ 23  -   65/ 23  -   73/ 15  -   65/ 24  -   68/ 23  -   67/ 24  -   64/ 29  -   66/ 19  -   64/ 24 
    |           |           |           |           |           |           |           |           |           |           |           |           |           |           |           |           |           |           |           |           |           |           |           |           |           |           |           |           |           |           |           |    
  73/ 16  -   65/ 28  -   73/ 20  -   70/ 19  -   73/ 15  -   72/ 21  -   69/ 23  -   73/ 14  -   67/ 27  -   72/ 14  -   65/ 24  -   66/ 22  -   64/ 24  -   64/ 23  -   66/ 25  -   71/ 22  -   64/ 22  -   70/ 22  -   64/ 26  -   64/ 23  -   68/ 22  -   65/ 25  -   73/ 21  -   71/ 21  -   68/ 18  -   71/ 17  -   71/ 16  -   72/ 17  -   72/ 17  -   72/ 15  -   70/ 18  -   68/ 20 
    |           |           |           |           |           |           |           |           |           |           |           |           |           |           |           |           |           |           |           |           |           |           |           |           |           |           |           |           |           |           |           |    
  73/ 21  -   70/ 19  -   68/ 17  -   67/ 26  -   69/ 19  -   64/ 22  -   71/ 23  -   73/ 21  -   65/ 26  -   68/ 18  -   67/ 26  -   70/ 20  -   64/ 28  -   68/ 17  -   68/ 17  -   64/ 30  -   70/ 20  -   73/ 13  -   73/ 14  -   68/ 23  -   73/ 20  -   64/ 29  -   68/ 18  -   69/ 20  -   71/ 14  -   66/ 28  -   67/ 21  -   66/ 21  -   69/ 17  -   73/ 14  -   67/ 21  -   66/ 27 
    |           |           |           |           |           |           |           |           |           |           |           |           |           |           |           |           |           |           |           |           |           |           |           |           |           |           |           |           |           |           |           |    
  72/ 16  -   72/ 20  -   73/ 13  -   70/ 20  -   73/ 17  -   65/ 24  -   67/ 24  -   65/ 27  -   71/ 15  -   64/ 28  -   71/ 21  -   69/ 16  -   66/ 21  -   64/ 24  -   64/ 26  -   69/ 18  -   65/ 26  -   72/ 19  -   72/ 21  -   66/ 23  -   68/ 17  -   70/ 23  -   70/ 23  -   67/ 21  -   69/ 25  -   67/ 25  -   72/ 17  -   71/ 18  -   64/ 30  -   66/ 21  -   70/ 15  -   68/ 21 
    |           |           |           |           |           |           |           |           |           |           |           |           |           |           |           |           |           |           |           |           |           |           |           |           |           |           |           |           |           |           |           |    
  72/ 21  -   70/ 16  -   73/ 13  -   72/ 19  -   71/ 20  -   66/ 26  -   71/ 20  -   66/ 22  -   69/ 18  -   73/ 19  -   65/ 28  -   65/ 26  -   72/ 18  -   67/ 18  -   68/ 18  -   69/ 23  -   71/ 22  -   73/ 19  -   64/ 30  -   69/ 19  -   72/ 15  -   68/ 26  -   66/ 27  -   64/ 25  -   66/ 22  -   65/ 25  -   64/ 21  -   69/ 24  -   64/ 23  -   70/ 16  -   73/ 19  -   70/ 20 
    |           |           |           |           |           |           |           |           |           |           |           |           |           |           |           |           |           |           |           |           |           |           |           |           |           |           |           |           |           |           |           |    
  66/ 19  -   73/ 19  -   65/ 29  -   70/ 18  -   71/ 15  -   67/ 20  -   70/ 15  -   73/ 16  -   72/ 22  -   65/ 28  -   65/ 21  -   69/ 22  -   71/ 22  -   66/ 25  -   73/ 20  -   67/ 23  -   71/ 23  -   73/ 20  -   69/ 25  -   70/ 18  -   70/ 23  -   71/ 20  -   65/ 28  -   64/ 26  -   73/ 16  -   68/ 20  -   72/ 14  -   72/ 15  -   72/ 14  -   67/ 25  -   71/ 14  -   66/ 19 
    |           |           |           |           |           |           |           |           |           |           |           |           |           |           |           |           |           |           |           |           |           |           |           |           |           |           |           |           |           |           |           |    
  68/ 26  -   64/ 30  -   71/ 21  -   64/ 25  -   66/ 25  -   64/ 25  -   65/ 28  -   65/ 27  -   73/ 21  -   71/ 17  -   73/ 20  -   71/ 14  -   73/ 12  -   70/ 16  -   67/ 18  -   64/ 28  -   68/ 22  -   73/ 12  -   71/ 22  -  499/  6  -  492/ 14  -  496/ 10  -  494/  8  -  499/  5  -  496/ 10  -  494/ 12  -  497/ 12  -  492/ 16  -  492/ 12  -  498/  4  -  494/  9  -  496/ 14 
    |           |           |           |           |           |           |           |           |           |           |           |           |           |           |           |           |           |           |           |           |           |           |           |           |           |           |           |           |           |           |           |    
  64/ 23  -   67/ 27  -   65/ 22  -   64/ 26  -   72/ 21  -   73/ 18  -   73/ 17  -   69/ 22  -   65/ 27  -   73/ 13  -   70/ 15  -   68/ 24  -   71/ 20  -   69/ 18  -   67/ 22  -   66/ 27  -   73/ 18  -   67/ 19  -   72/ 22  -   73/ 15  -   66/ 19  -   65/ 27  -   73/ 13  -   73/ 16  -   71/ 19  -   64/ 28  -   67/ 27  -   73/ 12  -   65/ 20  -   67/ 20  -   67/ 21  -   69/ 21 
    |           |           |           |           |           |           |           |           |           |           |           |           |           |           |           |           |           |           |           |           |           |           |           |           |           |           |           |           |           |           |           |    
  68/ 24  -   71/ 22  -   65/ 28  -   65/ 26  -   66/ 20  -   71/ 21  -   65/ 27  -   68/ 24  -   65/ 26  -   73/ 15  -   70/ 17  -   71/ 23  -   71/ 21  -   73/ 18  -   65/ 28  -   70/ 23  -   69/ 18  -   70/ 17  -   68/ 17  -   66/ 28  -   70/ 24  -   68/ 24  -   66/ 25  -   70/ 18  -   72/ 21  -   68/ 24  -   70/ 16  -   64/ 28  -   65/ 29  -   67/ 21  -   71/ 23  -   68/ 21 
    |           |           |           |           |           |           |           |           |           |           |           |           |           |           |           |           |           |           |           |           |           |           |           |           |           |           |           |           |           |           |           |    
  68/ 23  -   71/ 21  -   69/ 20  -   65/ 27  -   66/ 19  -   68/ 18  -   66/ 20  -   73/ 13  -   66/ 24  -   70/ 15  -   73/ 20  -   66/ 21  -   66/ 20  -   71/ 23  -   71/ 22  -   64/ 22  -   67/ 25  -   65/ 23  -   67/ 22  -   68/ 17  -   66/ 28  -   70/ 24  -   68/ 20  -   69/ 21  -    0/ 94  -   68/ 21  -   70/ 20  -   72/ 19  -   73/ 14  -   69/ 19  -   71/ 20  -   64/ 29 
    |           |           |           |           |           |           |           |           |           |           |           |           |           |           |           |           |           |           |           |           |           |           |           |           |           |           |           |           |           |           |           |    
  72/ 15  -   66/ 28  -   66/ 28  -   65/ 21  -   67/ 22  -   64/ 22  -   71/ 23  -   68/ 17  -   71/ 14  -   68/ 22  -   65/ 27  -   70/ 23  -   65/ 22  -   67/ 27  -   70/ 20  -   65/ 24  -   67/ 24  -   64/ 30  -   72/ 17  -   69/ 25  -   65/ 22  -   64/ 21  -   70/ 17  -   72/ 20  -   67/ 18  -   64/ 21  -   68/ 19  -   72/ 17  -   65/ 23  -   67/ 19  -   71/ 18  -   71/ 16 
    |           |           |           |           |           |           |           |           |           |           |           |           |           |           |           |           |           |           |           |           |           |           |           |           |           |           |           |           |           |           |           |    
  65/ 25  -   69/ 22  -   66/ 25  -   72/ 22  -   68/ 19  -   69/ 19  -   64/ 25  -   70/ 16  -   72/ 14  -   64/ 29  -   72/ 13  -   68/ 23  -   69/ 18  -   66/ 23  -   67/ 23  -   70/ 15  -   67/ 19  -   71/ 18  -   72/ 21  -   65/ 29  -   71/ 22  -   68/ 22  -   73/ 15  -   66/ 23  -   69/ 18  -   68/ 25  -   72/ 18  -   66/ 22  -   72/ 20  -   66/ 20  -   71/ 22  -   70/ 23 
    |           |           |           |           |           |           |           |           |           |           |           |           |           |           |           |           |           |           |           |           |           |           |           |           |           |           |           |           |           |           |           |    
  70/ 17  -   67/ 22  -   66/ 23  -   65/ 23  -   73/ 14  -   71/ 17  -   67/ 23  -   66/ 23  -   71/ 14  -   67/ 24  -   70/ 16  -   66/ 24  -   67/ 23  -   66/ 24  -   70/ 22  -   66/ 22  -   70/ 22  -   65/ 27  -   64/ 23  -   64/ 23  -   71/ 19  -   72/ 15  -   67/ 23  -   65/ 29  -   71/ 17  -   68/ 25  -   73/ 12  -   64/ 21  -   72/ 17  -   64/ 23  -   72/ 19  -   72/ 14 
